ident: _abgc_
ident: bhi
ident: geg1_geg_
ident: hige
number: 1
number: 2
number: 0
