number: 1234567980
number: 04456
number: 54560544
