keyword: if
keyword: else
keyword: for
keyword: continue
keyword: break
ident: return
keyword: print
