number: 1234567980
number: 04456
number: 54560544
double: 0.12345
double: 12345.62
