punc: [
punc: ]
punc: (
punc: )
punc: {
punc: }
punc: &
punc: *
punc: +
punc: -
punc: ~
punc: !
punc: /
punc: %
punc: <<
punc: >>
punc: <
punc: >
punc: <=
punc: >=
punc: ==
punc: !=
punc: ^
punc: |
punc: &&
punc: ||
punc: ;
punc: =
punc: *=
punc: /=
punc: %=
punc: +=
punc: -=
punc: <<=
punc: >>=
punc: &=
punc: ^=
punc: |=
punc: ,
