str: "\'"
str: "\""
str: "\?"
str: "\\"
str: "\a"
str: "\b"
str: "\f"
str: "\n"
str: "\r"
str: "\t"
str: "\v"
unexpected: "
unexpected: \
ident: h
unexpected: "
str: "hello"
str: "hello"
str: "\n"
str: "hello\n"
