[1, 2, 3]
[1, 2, 3]
3
[1, 2, 3, "123"]
[1, 2, 3, "123"]
4
123