20
5
0
1
1
1
1
0
1
0
0
0
0
1
1
0
0
1
20
0
0
-20
0
20
-20
0
100
-100
-100
100
1
0
0
0
1
10
11
-9
11
0
0
1
1
1
0
-11
0
1
1
0
5
-5
0
1
