 block node:
    assign node:
        ident:
            ident: a
        value:
            number: 1
    assign node:
        ident:
            ident: b
        value:
            string:1
    assign node:
        ident:
            ident: c
        value:
            double: 1.000000
    assign node:
        ident:
            ident: d
        value:
            array node:
                number: 1
                string:1
                double: 1.000000
